ohashikouki@D-MacBook-Pro ECsite %  cd /Users/ohashikouki/開発/ECsite ;
 /usr/bin/env /usr/local/Cellar/openjdk@17/17.0.19/libexec/openjdk.jdk/
Contents/Home/bin/java @/var/folders/wr/6g91wyhd10161t5vgkkm9jcr0000gn/
T/cp_813o8vdruwawubnnxvdp3c587.argfile com.dboyz.spring_project.SpringP
rojectApplication 

  .   ____          _            __ _ _
 /\\ / ___'_ __ _ _(_)_ __  __ _ \ \ \ \
( ( )\___ | '_ | '_| | '_ \/ _` | \ \ \ \
 \\/  ___)| |_)| | | | | || (_| |  ) ) ) )
  '  |____| .__|_| |_|_| |_\__, | / / / /
 =========|_|==============|___/=/_/_/_/

 :: Spring Boot ::                (v4.1.0)

2026-08-11T20:16:58.021+09:00  INFO 60387 --- [spring-project] [           main] c.d.s.SpringProjectApplication           : Starting SpringProjectApplication using Java 17.0.19 with PID 60387 (/Users/ohashikouki/開発/ECsite/spring-project/target/classes started by ohashikouki in /Users/ohashikouki/開発/ECsite)
2026-08-11T20:16:58.026+09:00  INFO 60387 --- [spring-project] [           main] c.d.s.SpringProjectApplication           : No active profile set, falling back to 1 default profile: "default"
2026-08-11T20:16:58.747+09:00  INFO 60387 --- [spring-project] [           main] .s.d.r.c.RepositoryConfigurationDelegate : Bootstrapping Spring Data JPA repositories in DEFAULT mode.
2026-08-11T20:16:58.783+09:00  INFO 60387 --- [spring-project] [           main] .s.d.r.c.RepositoryConfigurationDelegate : Finished Spring Data repository scanning in 19 ms. Found 0 JPA repository interfaces.
2026-08-11T20:16:59.339+09:00  INFO 60387 --- [spring-project] [           main] o.s.boot.tomcat.TomcatWebServer          : Tomcat initialized with port 8080 (http)
2026-08-11T20:16:59.365+09:00  INFO 60387 --- [spring-project] [           main] o.apache.catalina.core.StandardService   : Starting service [Tomcat]
2026-08-11T20:16:59.366+09:00  INFO 60387 --- [spring-project] [           main] o.apache.catalina.core.StandardEngine    : Starting Servlet engine: [Apache Tomcat/11.0.22]
2026-08-11T20:16:59.443+09:00  INFO 60387 --- [spring-project] [           main] b.w.c.s.WebApplicationContextInitializer : Root WebApplicationContext: initialization completed in 1334 ms
2026-08-11T20:16:59.636+09:00  INFO 60387 --- [spring-project] [           main] com.zaxxer.hikari.HikariDataSource       : HikariPool-1 - Starting...
2026-08-11T20:17:00.672+09:00  INFO 60387 --- [spring-project] [           main] com.zaxxer.hikari.pool.HikariPool        : HikariPool-1 - Added connection org.postgresql.jdbc.PgConnection@40bf4386
2026-08-11T20:17:00.674+09:00  INFO 60387 --- [spring-project] [           main] com.zaxxer.hikari.HikariDataSource       : HikariPool-1 - Start completed.
2026-08-11T20:17:00.721+09:00  INFO 60387 --- [spring-project] [           main] org.hibernate.orm.jpa                    : HHH008540: Processing PersistenceUnitInfo [name: default]
2026-08-11T20:17:00.795+09:00  INFO 60387 --- [spring-project] [           main] org.hibernate.orm.core                   : HHH000001: Hibernate ORM core version 7.4.1.Final
2026-08-11T20:17:01.284+09:00  INFO 60387 --- [spring-project] [           main] o.s.o.j.p.SpringPersistenceUnitInfo      : No LoadTimeWeaver setup: ignoring JPA class transformer
2026-08-11T20:17:01.523+09:00  WARN 60387 --- [spring-project] [           main] org.hibernate.orm.deprecation            : HHH90000025: PostgreSQLDialect does not need to be specified explicitly using 'hibernate.dialect' (remove the property setting and it will be selected by default)
2026-08-11T20:17:01.789+09:00  INFO 60387 --- [spring-project] [           main] org.hibernate.orm.connections.pooling    : HHH10001005: Database info:
        Database JDBC URL [jdbc:postgresql://db.eyudddjiifknbtbejmas.supabase.co:5432/postgres]
        Database driver: PostgreSQL JDBC Driver
        Database dialect: PostgreSQLDialect
        Database version: 17.6
        Default catalog/schema: postgres/public
        Autocommit mode: undefined/unknown
        Isolation level: READ_COMMITTED [default READ_COMMITTED]
        JDBC fetch size: none
        Pool: DataSourceConnectionProvider
        Minimum pool size: undefined/unknown
        Maximum pool size: undefined/unknown
2026-08-11T20:17:02.220+09:00  INFO 60387 --- [spring-project] [           main] org.hibernate.orm.core                   : HHH000489: No JTA platform available (set 'hibernate.transaction.jta.platform' to enable JTA platform integration)
2026-08-11T20:17:02.232+09:00  INFO 60387 --- [spring-project] [           main] j.LocalContainerEntityManagerFactoryBean : Initialized JPA EntityManagerFactory for persistence unit 'default'
2026-08-11T20:17:02.305+09:00  WARN 60387 --- [spring-project] [           main] JpaBaseConfiguration$JpaWebConfiguration : spring.jpa.open-in-view is enabled by default. Therefore, database queries may be performed during view rendering. Explicitly configure spring.jpa.open-in-view to disable this warning
2026-08-11T20:17:02.653+09:00  INFO 60387 --- [spring-project] [           main] o.s.boot.tomcat.TomcatWebServer          : Tomcat started on port 8080 (http) with context path '/'
2026-08-11T20:17:02.659+09:00  INFO 60387 --- [spring-project] [           main] c.d.s.SpringProjectApplication           : Started SpringProjectApplication in 5.278 seconds (process running for 5.863)
 